exports[`test renders type filter as before 1`] = `
<select
  onChange={[Function]}>
  <option
    value="">
    Any 
  </option>
</select>
`;
