exports[`test renders type filter as before 1`] = `
<select
  onChange={[Function]}>
  <option
    value="">
    Select type
  </option>
  <option
    value="gig">
    gig
  </option>
  <option
    value="other">
    other
  </option>
</select>
`;
