exports[`Events Component renders as before 1`] = `
<div
  className="events-list">
  
</div>
`;
