exports[`test renders listing as before 1`] = `
<div
  className="event-listing">
  <Unknown
    url={undefined} />
  <Link
    onlyActiveOnIndex={false}
    style={Object {}}
    to="event/undefined">
    <h3
      className="event-title" />
  </Link>
  <p>
    , at 
  </p>
</div>
`;
